WARN $TMPDIR(/tmp/glide_L5EQYd/execute/dir_790068) is not a writable directory setting $TMPDIR = $PWD
running impacts
extracting tar
